Archive member included to satisfy reference by file (symbol)

/home/mats/gcc-arm-none-eabi-7-2018-q2-update/bin/../lib/gcc/arm-none-eabi/7.3.1/../../../../arm-none-eabi/lib/thumb/v7e-m/fpv4-sp/hard/libc_nano.a(lib_a-exit.o)
                              /home/mats/gcc-arm-none-eabi-7-2018-q2-update/bin/../lib/gcc/arm-none-eabi/7.3.1/../../../../arm-none-eabi/lib/thumb/v7e-m/fpv4-sp/hard/crt0.o (exit)
/home/mats/gcc-arm-none-eabi-7-2018-q2-update/bin/../lib/gcc/arm-none-eabi/7.3.1/../../../../arm-none-eabi/lib/thumb/v7e-m/fpv4-sp/hard/libc_nano.a(lib_a-impure.o)
                              /home/mats/gcc-arm-none-eabi-7-2018-q2-update/bin/../lib/gcc/arm-none-eabi/7.3.1/../../../../arm-none-eabi/lib/thumb/v7e-m/fpv4-sp/hard/libc_nano.a(lib_a-exit.o) (_global_impure_ptr)
/home/mats/gcc-arm-none-eabi-7-2018-q2-update/bin/../lib/gcc/arm-none-eabi/7.3.1/../../../../arm-none-eabi/lib/thumb/v7e-m/fpv4-sp/hard/libc_nano.a(lib_a-init.o)
                              /home/mats/gcc-arm-none-eabi-7-2018-q2-update/bin/../lib/gcc/arm-none-eabi/7.3.1/../../../../arm-none-eabi/lib/thumb/v7e-m/fpv4-sp/hard/crt0.o (__libc_init_array)
/home/mats/gcc-arm-none-eabi-7-2018-q2-update/bin/../lib/gcc/arm-none-eabi/7.3.1/../../../../arm-none-eabi/lib/thumb/v7e-m/fpv4-sp/hard/libc_nano.a(lib_a-memset.o)
                              /home/mats/gcc-arm-none-eabi-7-2018-q2-update/bin/../lib/gcc/arm-none-eabi/7.3.1/../../../../arm-none-eabi/lib/thumb/v7e-m/fpv4-sp/hard/crt0.o (memset)
/home/mats/gcc-arm-none-eabi-7-2018-q2-update/bin/../lib/gcc/arm-none-eabi/7.3.1/../../../../arm-none-eabi/lib/thumb/v7e-m/fpv4-sp/hard/libnosys.a(_exit.o)
                              /home/mats/gcc-arm-none-eabi-7-2018-q2-update/bin/../lib/gcc/arm-none-eabi/7.3.1/../../../../arm-none-eabi/lib/thumb/v7e-m/fpv4-sp/hard/libc_nano.a(lib_a-exit.o) (_exit)
/home/mats/gcc-arm-none-eabi-7-2018-q2-update/bin/../lib/gcc/arm-none-eabi/7.3.1/thumb/v7e-m/fpv4-sp/hard/libgcc.a(_aeabi_uldivmod.o)
                              build/stm32l4xx_hal_uart.o (__aeabi_uldivmod)
/home/mats/gcc-arm-none-eabi-7-2018-q2-update/bin/../lib/gcc/arm-none-eabi/7.3.1/thumb/v7e-m/fpv4-sp/hard/libgcc.a(_udivmoddi4.o)
                              /home/mats/gcc-arm-none-eabi-7-2018-q2-update/bin/../lib/gcc/arm-none-eabi/7.3.1/thumb/v7e-m/fpv4-sp/hard/libgcc.a(_aeabi_uldivmod.o) (__udivmoddi4)
/home/mats/gcc-arm-none-eabi-7-2018-q2-update/bin/../lib/gcc/arm-none-eabi/7.3.1/thumb/v7e-m/fpv4-sp/hard/libgcc.a(_dvmd_tls.o)
                              /home/mats/gcc-arm-none-eabi-7-2018-q2-update/bin/../lib/gcc/arm-none-eabi/7.3.1/thumb/v7e-m/fpv4-sp/hard/libgcc.a(_aeabi_uldivmod.o) (__aeabi_ldiv0)

Allocating common symbols
Common symbol       size              file

uwTick              0x4               build/stm32l4xx_hal.o
hlpuart1            0x78              build/main.o
buttonStatus        0xc               build/main.o

Discarded input sections

 .text          0x0000000000000000        0x0 /home/mats/gcc-arm-none-eabi-7-2018-q2-update/bin/../lib/gcc/arm-none-eabi/7.3.1/thumb/v7e-m/fpv4-sp/hard/crti.o
 .data          0x0000000000000000        0x0 /home/mats/gcc-arm-none-eabi-7-2018-q2-update/bin/../lib/gcc/arm-none-eabi/7.3.1/thumb/v7e-m/fpv4-sp/hard/crti.o
 .bss           0x0000000000000000        0x0 /home/mats/gcc-arm-none-eabi-7-2018-q2-update/bin/../lib/gcc/arm-none-eabi/7.3.1/thumb/v7e-m/fpv4-sp/hard/crti.o
 .data          0x0000000000000000        0x4 /home/mats/gcc-arm-none-eabi-7-2018-q2-update/bin/../lib/gcc/arm-none-eabi/7.3.1/thumb/v7e-m/fpv4-sp/hard/crtbegin.o
 .text          0x0000000000000000       0x74 /home/mats/gcc-arm-none-eabi-7-2018-q2-update/bin/../lib/gcc/arm-none-eabi/7.3.1/../../../../arm-none-eabi/lib/thumb/v7e-m/fpv4-sp/hard/crt0.o
 .data          0x0000000000000000        0x0 /home/mats/gcc-arm-none-eabi-7-2018-q2-update/bin/../lib/gcc/arm-none-eabi/7.3.1/../../../../arm-none-eabi/lib/thumb/v7e-m/fpv4-sp/hard/crt0.o
 .bss           0x0000000000000000        0x0 /home/mats/gcc-arm-none-eabi-7-2018-q2-update/bin/../lib/gcc/arm-none-eabi/7.3.1/../../../../arm-none-eabi/lib/thumb/v7e-m/fpv4-sp/hard/crt0.o
 .ARM.extab     0x0000000000000000        0x0 /home/mats/gcc-arm-none-eabi-7-2018-q2-update/bin/../lib/gcc/arm-none-eabi/7.3.1/../../../../arm-none-eabi/lib/thumb/v7e-m/fpv4-sp/hard/crt0.o
 .ARM.exidx     0x0000000000000000        0x8 /home/mats/gcc-arm-none-eabi-7-2018-q2-update/bin/../lib/gcc/arm-none-eabi/7.3.1/../../../../arm-none-eabi/lib/thumb/v7e-m/fpv4-sp/hard/crt0.o
 .ARM.attributes
                0x0000000000000000       0x20 /home/mats/gcc-arm-none-eabi-7-2018-q2-update/bin/../lib/gcc/arm-none-eabi/7.3.1/../../../../arm-none-eabi/lib/thumb/v7e-m/fpv4-sp/hard/crt0.o
 .text          0x0000000000000000        0x0 build/main.o
 .data          0x0000000000000000        0x0 build/main.o
 .bss           0x0000000000000000        0x0 build/main.o
 .text.Error_Handler
                0x0000000000000000        0x2 build/main.o
[...]
Memory Configuration

Name             Origin             Length             Attributes
RAM              0x0000000020000000 0x0000000000050000 xrw
FLASH            0x0000000008000000 0x0000000000100000 xr
*default*        0x0000000000000000 0xffffffffffffffff

Linker script and memory map

LOAD /home/mats/gcc-arm-none-eabi-7-2018-q2-update/bin/../lib/gcc/arm-none-eabi/7.3.1/thumb/v7e-m/fpv4-sp/hard/crti.o
LOAD /home/mats/gcc-arm-none-eabi-7-2018-q2-update/bin/../lib/gcc/arm-none-eabi/7.3.1/thumb/v7e-m/fpv4-sp/hard/crtbegin.o
LOAD /home/mats/gcc-arm-none-eabi-7-2018-q2-update/bin/../lib/gcc/arm-none-eabi/7.3.1/../../../../arm-none-eabi/lib/thumb/v7e-m/fpv4-sp/hard/crt0.o
LOAD build/main.o
LOAD build/stm32l4xx_it.o
LOAD build/stm32l4xx_hal_msp.o
LOAD build/stm32l4xx_hal_uart.o
LOAD build/stm32l4xx_hal_uart_ex.o
LOAD build/stm32l4xx_hal_tim.o
LOAD build/stm32l4xx_hal_tim_ex.o
LOAD build/stm32l4xx_hal.o
LOAD build/stm32l4xx_hal_i2c.o
LOAD build/stm32l4xx_hal_i2c_ex.o
LOAD build/stm32l4xx_hal_rcc.o
LOAD build/stm32l4xx_hal_rcc_ex.o
LOAD build/stm32l4xx_hal_flash.o
LOAD build/stm32l4xx_hal_flash_ex.o
LOAD build/stm32l4xx_hal_flash_ramfunc.o
LOAD build/stm32l4xx_hal_gpio.o
LOAD build/stm32l4xx_hal_dma.o
LOAD build/stm32l4xx_hal_dma_ex.o
LOAD build/stm32l4xx_hal_pwr.o
LOAD build/stm32l4xx_hal_pwr_ex.o
LOAD build/stm32l4xx_hal_cortex.o
LOAD build/system_stm32l4xx.o
LOAD build/startup_stm32l496xx.o
LOAD /home/mats/gcc-arm-none-eabi-7-2018-q2-update/bin/../lib/gcc/arm-none-eabi/7.3.1/../../../../arm-none-eabi/lib/thumb/v7e-m/fpv4-sp/hard/libc_nano.a
LOAD /home/mats/gcc-arm-none-eabi-7-2018-q2-update/bin/../lib/gcc/arm-none-eabi/7.3.1/../../../../arm-none-eabi/lib/thumb/v7e-m/fpv4-sp/hard/libm.a
LOAD /home/mats/gcc-arm-none-eabi-7-2018-q2-update/bin/../lib/gcc/arm-none-eabi/7.3.1/../../../../arm-none-eabi/lib/thumb/v7e-m/fpv4-sp/hard/libnosys.a
START GROUP
LOAD /home/mats/gcc-arm-none-eabi-7-2018-q2-update/bin/../lib/gcc/arm-none-eabi/7.3.1/thumb/v7e-m/fpv4-sp/hard/libgcc.a
LOAD /home/mats/gcc-arm-none-eabi-7-2018-q2-update/bin/../lib/gcc/arm-none-eabi/7.3.1/../../../../arm-none-eabi/lib/thumb/v7e-m/fpv4-sp/hard/libc_nano.a
END GROUP
START GROUP
LOAD /home/mats/gcc-arm-none-eabi-7-2018-q2-update/bin/../lib/gcc/arm-none-eabi/7.3.1/thumb/v7e-m/fpv4-sp/hard/libgcc.a
LOAD /home/mats/gcc-arm-none-eabi-7-2018-q2-update/bin/../lib/gcc/arm-none-eabi/7.3.1/../../../../arm-none-eabi/lib/thumb/v7e-m/fpv4-sp/hard/libc_nano.a
END GROUP
LOAD /home/mats/gcc-arm-none-eabi-7-2018-q2-update/bin/../lib/gcc/arm-none-eabi/7.3.1/thumb/v7e-m/fpv4-sp/hard/crtend.o
LOAD /home/mats/gcc-arm-none-eabi-7-2018-q2-update/bin/../lib/gcc/arm-none-eabi/7.3.1/thumb/v7e-m/fpv4-sp/hard/crtn.o
                0x0000000020050000                _estack = 0x20050000
                0x0000000000000200                _Min_Heap_Size = 0x200
                0x0000000000000400                _Min_Stack_Size = 0x400

.isr_vector     0x0000000008000000      0x1b0
                0x0000000008000000                . = ALIGN (0x8)
 *(.isr_vector)
 .isr_vector    0x0000000008000000      0x1ac build/startup_stm32l496xx.o
                0x0000000008000000                g_pfnVectors
                0x00000000080001b0                . = ALIGN (0x8)
 *fill*         0x00000000080001ac        0x4 

.text           0x00000000080001b0     0x2300
                0x00000000080001b0                . = ALIGN (0x8)
 *(.text)
 .text          0x00000000080001b0       0x40 /home/mats/gcc-arm-none-eabi-7-2018-q2-update/bin/../lib/gcc/arm-none-eabi/7.3.1/thumb/v7e-m/fpv4-sp/hard/crtbegin.o
 .text          0x00000000080001f0       0x30 /home/mats/gcc-arm-none-eabi-7-2018-q2-update/bin/../lib/gcc/arm-none-eabi/7.3.1/thumb/v7e-m/fpv4-sp/hard/libgcc.a(_aeabi_uldivmod.o)
                0x00000000080001f0                __aeabi_uldivmod
 .text          0x0000000008000220      0x2cc /home/mats/gcc-arm-none-eabi-7-2018-q2-update/bin/../lib/gcc/arm-none-eabi/7.3.1/thumb/v7e-m/fpv4-sp/hard/libgcc.a(_udivmoddi4.o)
                0x0000000008000220                __udivmoddi4
 .text          0x00000000080004ec        0x4 /home/mats/gcc-arm-none-eabi-7-2018-q2-update/bin/../lib/gcc/arm-none-eabi/7.3.1/thumb/v7e-m/fpv4-sp/hard/libgcc.a(_dvmd_tls.o)
                0x00000000080004ec                __aeabi_ldiv0
                0x00000000080004ec                __aeabi_idiv0
 *(.text*)
 .text.MX_GPIO_Init
                0x00000000080004f0      0x198 build/main.o
 .text.MX_LPUART1_UART_Init
                0x0000000008000688       0x30 build/main.o
 .text.readButtons
                0x00000000080006b8       0xf8 build/main.o
 .text.SystemClock_Config
                0x00000000080007b0       0x80 build/main.o
                0x00000000080007b0                SystemClock_Config
 .text.main     0x0000000008000830       0x34 build/main.o
                0x0000000008000830                main
 .text.NMI_Handler
                0x0000000008000864        0x2 build/stm32l4xx_it.o
                0x0000000008000864                NMI_Handler
 .text.HardFault_Handler
                0x0000000008000866        0x2 build/stm32l4xx_it.o
                0x0000000008000866                HardFault_Handler
 .text.MemManage_Handler
                0x0000000008000868        0x2 build/stm32l4xx_it.o
                0x0000000008000868                MemManage_Handler
 .text.BusFault_Handler
                0x000000000800086a        0x2 build/stm32l4xx_it.o
                0x000000000800086a                BusFault_Handler
 .text.UsageFault_Handler
                0x000000000800086c        0x2 build/stm32l4xx_it.o
                0x000000000800086c                UsageFault_Handler
 .text.SVC_Handler
                0x000000000800086e        0x2 build/stm32l4xx_it.o
                0x000000000800086e                SVC_Handler
 .text.DebugMon_Handler
                0x0000000008000870        0x2 build/stm32l4xx_it.o
                0x0000000008000870                DebugMon_Handler
 .text.PendSV_Handler
                0x0000000008000872        0x2 build/stm32l4xx_it.o
                0x0000000008000872                PendSV_Handler
 .text.SysTick_Handler
                0x0000000008000874        0x8 build/stm32l4xx_it.o
                0x0000000008000874                SysTick_Handler
 .text.HAL_MspInit
                0x000000000800087c       0x30 build/stm32l4xx_hal_msp.o
                0x000000000800087c                HAL_MspInit
 .text.HAL_UART_MspInit
                0x00000000080008ac       0x74 build/stm32l4xx_hal_msp.o
                0x00000000080008ac                HAL_UART_MspInit
 .text.UART_SetConfig
                0x0000000008000920      0x424 build/stm32l4xx_hal_uart.o
                0x0000000008000920                UART_SetConfig
 .text.UART_AdvFeatureConfig
                0x0000000008000d44       0xca build/stm32l4xx_hal_uart.o
                0x0000000008000d44                UART_AdvFeatureConfig
 .text.UART_WaitOnFlagUntilTimeout
                0x0000000008000e0e       0x62 build/stm32l4xx_hal_uart.o
                0x0000000008000e0e                UART_WaitOnFlagUntilTimeout
 .text.HAL_UART_Transmit
                0x0000000008000e70       0xce build/stm32l4xx_hal_uart.o
                0x0000000008000e70                HAL_UART_Transmit
 .text.UART_CheckIdleState
                0x0000000008000f3e       0x70 build/stm32l4xx_hal_uart.o
                0x0000000008000f3e                UART_CheckIdleState
 .text.HAL_UART_Init
                0x0000000008000fae       0x66 build/stm32l4xx_hal_uart.o
                0x0000000008000fae                HAL_UART_Init
 .text.HAL_InitTick
                0x0000000008001014       0x34 build/stm32l4xx_hal.o
                0x0000000008001014                HAL_InitTick
 .text.HAL_Init
                0x0000000008001048       0x1e build/stm32l4xx_hal.o
                0x0000000008001048                HAL_Init
 *fill*         0x0000000008001066        0x2 
 .text.HAL_IncTick
                0x0000000008001068       0x10 build/stm32l4xx_hal.o
                0x0000000008001068                HAL_IncTick
 .text.HAL_GetTick
                0x0000000008001078        0xc build/stm32l4xx_hal.o
                0x0000000008001078                HAL_GetTick
 .text.RCC_SetFlashLatencyFromMSIRange
                0x0000000008001084       0x90 build/stm32l4xx_hal_rcc.o
 .text.HAL_RCC_GetSysClockFreq
                0x0000000008001114       0xd8 build/stm32l4xx_hal_rcc.o
                0x0000000008001114                HAL_RCC_GetSysClockFreq
 .text.HAL_RCC_OscConfig
                0x00000000080011ec      0x5b4 build/stm32l4xx_hal_rcc.o
                0x00000000080011ec                HAL_RCC_OscConfig
 .text.HAL_RCC_ClockConfig
                0x00000000080017a0      0x154 build/stm32l4xx_hal_rcc.o
                0x00000000080017a0                HAL_RCC_ClockConfig
 .text.HAL_RCC_GetHCLKFreq
                0x00000000080018f4        0xc build/stm32l4xx_hal_rcc.o
                0x00000000080018f4                HAL_RCC_GetHCLKFreq
 .text.HAL_RCC_GetPCLK1Freq
                0x0000000008001900       0x24 build/stm32l4xx_hal_rcc.o
                0x0000000008001900                HAL_RCC_GetPCLK1Freq
 .text.HAL_RCC_GetPCLK2Freq
                0x0000000008001924       0x24 build/stm32l4xx_hal_rcc.o
                0x0000000008001924                HAL_RCC_GetPCLK2Freq
 .text.RCCEx_PLLSAI1_Config
                0x0000000008001948      0x16c build/stm32l4xx_hal_rcc_ex.o
 .text.RCCEx_PLLSAI2_Config
                0x0000000008001ab4      0x148 build/stm32l4xx_hal_rcc_ex.o
 .text.HAL_RCCEx_PeriphCLKConfig
                0x0000000008001bfc      0x46c build/stm32l4xx_hal_rcc_ex.o
                0x0000000008001bfc                HAL_RCCEx_PeriphCLKConfig
 .text.HAL_GPIO_Init
                0x0000000008002068      0x1b8 build/stm32l4xx_hal_gpio.o
                0x0000000008002068                HAL_GPIO_Init
 .text.HAL_GPIO_ReadPin
                0x0000000008002220        0xe build/stm32l4xx_hal_gpio.o
                0x0000000008002220                HAL_GPIO_ReadPin
 .text.HAL_GPIO_WritePin
                0x000000000800222e        0xa build/stm32l4xx_hal_gpio.o
                0x000000000800222e                HAL_GPIO_WritePin
 .text.HAL_PWREx_GetVoltageRange
                0x0000000008002238       0x10 build/stm32l4xx_hal_pwr_ex.o
                0x0000000008002238                HAL_PWREx_GetVoltageRange
 .text.HAL_PWREx_ControlVoltageScaling
                0x0000000008002248       0x90 build/stm32l4xx_hal_pwr_ex.o
                0x0000000008002248                HAL_PWREx_ControlVoltageScaling
 .text.HAL_PWREx_EnableVddIO2
                0x00000000080022d8       0x10 build/stm32l4xx_hal_pwr_ex.o
                0x00000000080022d8                HAL_PWREx_EnableVddIO2
 .text.HAL_NVIC_SetPriorityGrouping
                0x00000000080022e8       0x24 build/stm32l4xx_hal_cortex.o
                0x00000000080022e8                HAL_NVIC_SetPriorityGrouping
 .text.HAL_NVIC_SetPriority
                0x000000000800230c       0x68 build/stm32l4xx_hal_cortex.o
                0x000000000800230c                HAL_NVIC_SetPriority
 .text.HAL_SYSTICK_Config
                0x0000000008002374       0x2c build/stm32l4xx_hal_cortex.o
                0x0000000008002374                HAL_SYSTICK_Config
 .text.SystemInit
                0x00000000080023a0       0x48 build/system_stm32l4xx.o
                0x00000000080023a0                SystemInit
 .text.Reset_Handler
                0x00000000080023e8       0x50 build/startup_stm32l496xx.o
                0x00000000080023e8                Reset_Handler
 .text.Default_Handler
                0x0000000008002438        0x2 build/startup_stm32l496xx.o
                0x0000000008002438                RTC_Alarm_IRQHandler
                0x0000000008002438                EXTI2_IRQHandler
                0x0000000008002438                TIM8_TRG_COM_IRQHandler
                0x0000000008002438                TIM8_CC_IRQHandler
                0x0000000008002438                TIM1_CC_IRQHandler
                0x0000000008002438                TSC_IRQHandler
                0x0000000008002438                TAMP_STAMP_IRQHandler
                0x0000000008002438                CAN2_RX1_IRQHandler
                0x0000000008002438                EXTI3_IRQHandler
                0x0000000008002438                LPTIM2_IRQHandler
                0x0000000008002438                DFSDM1_FLT1_IRQHandler
                0x0000000008002438                I2C3_ER_IRQHandler
                0x0000000008002438                DFSDM1_FLT2_IRQHandler
                0x0000000008002438                EXTI0_IRQHandler
                0x0000000008002438                I2C2_EV_IRQHandler
                0x0000000008002438                CAN1_RX0_IRQHandler
                0x0000000008002438                FPU_IRQHandler
                0x0000000008002438                TIM1_UP_TIM16_IRQHandler
                0x0000000008002438                CAN2_SCE_IRQHandler
                0x0000000008002438                ADC1_2_IRQHandler
                0x0000000008002438                SPI1_IRQHandler
                0x0000000008002438                TIM6_DAC_IRQHandler
                0x0000000008002438                DCMI_IRQHandler
                0x0000000008002438                CAN2_RX0_IRQHandler
                0x0000000008002438                TIM8_UP_IRQHandler
                0x0000000008002438                DMA2_Channel2_IRQHandler
                0x0000000008002438                DMA1_Channel4_IRQHandler
                0x0000000008002438                SAI2_IRQHandler
                0x0000000008002438                DFSDM1_FLT3_IRQHandler
                0x0000000008002438                USART3_IRQHandler
                0x0000000008002438                DMA1_Channel7_IRQHandler
                0x0000000008002438                CAN1_RX1_IRQHandler
                0x0000000008002438                LCD_IRQHandler
                0x0000000008002438                UART5_IRQHandler
                0x0000000008002438                ADC3_IRQHandler
                0x0000000008002438                TIM4_IRQHandler
                0x0000000008002438                DMA2_Channel1_IRQHandler
                0x0000000008002438                QUADSPI_IRQHandler
                0x0000000008002438                I2C1_EV_IRQHandler
                0x0000000008002438                DMA1_Channel6_IRQHandler
                0x0000000008002438                UART4_IRQHandler
                0x0000000008002438                DMA2_Channel4_IRQHandler
                0x0000000008002438                TIM3_IRQHandler
                0x0000000008002438                RCC_IRQHandler
                0x0000000008002438                DMA1_Channel1_IRQHandler
                0x0000000008002438                Default_Handler
                0x0000000008002438                DMA2_Channel7_IRQHandler
                0x0000000008002438                EXTI15_10_IRQHandler
                0x0000000008002438                TIM7_IRQHandler
                0x0000000008002438                SDMMC1_IRQHandler
                0x0000000008002438                CAN2_TX_IRQHandler
                0x0000000008002438                TIM5_IRQHandler
                0x0000000008002438                I2C3_EV_IRQHandler
                0x0000000008002438                EXTI9_5_IRQHandler
                0x0000000008002438                RTC_WKUP_IRQHandler
                0x0000000008002438                PVD_PVM_IRQHandler
                0x0000000008002438                SPI2_IRQHandler
                0x0000000008002438                CAN1_TX_IRQHandler
                0x0000000008002438                DMA2_Channel5_IRQHandler
                0x0000000008002438                CRS_IRQHandler
                0x0000000008002438                DMA1_Channel5_IRQHandler
                0x0000000008002438                EXTI4_IRQHandler
                0x0000000008002438                RNG_IRQHandler
                0x0000000008002438                TIM1_TRG_COM_TIM17_IRQHandler
                0x0000000008002438                DMA1_Channel3_IRQHandler
                0x0000000008002438                COMP_IRQHandler
                0x0000000008002438                WWDG_IRQHandler
                0x0000000008002438                I2C4_EV_IRQHandler
                0x0000000008002438                LPUART1_IRQHandler
                0x0000000008002438                DMA2_Channel6_IRQHandler
                0x0000000008002438                TIM2_IRQHandler
                0x0000000008002438                EXTI1_IRQHandler
                0x0000000008002438                USART2_IRQHandler
                0x0000000008002438                DFSDM1_FLT0_IRQHandler
                0x0000000008002438                I2C2_ER_IRQHandler
                0x0000000008002438                DMA1_Channel2_IRQHandler
                0x0000000008002438                TIM8_BRK_IRQHandler
                0x0000000008002438                CAN1_SCE_IRQHandler
                0x0000000008002438                FLASH_IRQHandler
                0x0000000008002438                USART1_IRQHandler
                0x0000000008002438                OTG_FS_IRQHandler
                0x0000000008002438                SPI3_IRQHandler
                0x0000000008002438                I2C1_ER_IRQHandler
                0x0000000008002438                FMC_IRQHandler
                0x0000000008002438                SWPMI1_IRQHandler
                0x0000000008002438                LPTIM1_IRQHandler
                0x0000000008002438                I2C4_ER_IRQHandler
                0x0000000008002438                SAI1_IRQHandler
                0x0000000008002438                DMA2_Channel3_IRQHandler
                0x0000000008002438                TIM1_BRK_TIM15_IRQHandler
 *fill*         0x000000000800243a        0x2 
 .text.__libc_init_array
                0x000000000800243c       0x48 /home/mats/gcc-arm-none-eabi-7-2018-q2-update/bin/../lib/gcc/arm-none-eabi/7.3.1/../../../../arm-none-eabi/lib/thumb/v7e-m/fpv4-sp/hard/libc_nano.a(lib_a-init.o)
                0x000000000800243c                __libc_init_array
 .text.memset   0x0000000008002484       0x10 /home/mats/gcc-arm-none-eabi-7-2018-q2-update/bin/../lib/gcc/arm-none-eabi/7.3.1/../../../../arm-none-eabi/lib/thumb/v7e-m/fpv4-sp/hard/libc_nano.a(lib_a-memset.o)
                0x0000000008002484                memset
 *(.glue_7)
 .glue_7        0x0000000008002494        0x0 linker stubs
 *(.glue_7t)
 .glue_7t       0x0000000008002494        0x0 linker stubs
 *(.eh_frame)
 .eh_frame      0x0000000008002494        0x0 /home/mats/gcc-arm-none-eabi-7-2018-q2-update/bin/../lib/gcc/arm-none-eabi/7.3.1/thumb/v7e-m/fpv4-sp/hard/crtbegin.o
 *(.init)
 .init          0x0000000008002494        0x4 /home/mats/gcc-arm-none-eabi-7-2018-q2-update/bin/../lib/gcc/arm-none-eabi/7.3.1/thumb/v7e-m/fpv4-sp/hard/crti.o
                0x0000000008002494                _init
 .init          0x0000000008002498        0x8 /home/mats/gcc-arm-none-eabi-7-2018-q2-update/bin/../lib/gcc/arm-none-eabi/7.3.1/thumb/v7e-m/fpv4-sp/hard/crtn.o
 *(.fini)
 .fini          0x00000000080024a0        0x4 /home/mats/gcc-arm-none-eabi-7-2018-q2-update/bin/../lib/gcc/arm-none-eabi/7.3.1/thumb/v7e-m/fpv4-sp/hard/crti.o
                0x00000000080024a0                _fini
 .fini          0x00000000080024a4        0x8 /home/mats/gcc-arm-none-eabi-7-2018-q2-update/bin/../lib/gcc/arm-none-eabi/7.3.1/thumb/v7e-m/fpv4-sp/hard/crtn.o
                0x00000000080024b0                . = ALIGN (0x8)
 *fill*         0x00000000080024ac        0x4 
                0x00000000080024b0                _etext = .

.vfp11_veneer   0x00000000080024b0        0x0
 .vfp11_veneer  0x00000000080024b0        0x0 linker stubs

.v4_bx          0x00000000080024b0        0x0
 .v4_bx         0x00000000080024b0        0x0 linker stubs

.iplt           0x00000000080024b0        0x0
 .iplt          0x00000000080024b0        0x0 /home/mats/gcc-arm-none-eabi-7-2018-q2-update/bin/../lib/gcc/arm-none-eabi/7.3.1/thumb/v7e-m/fpv4-sp/hard/crtbegin.o

.rodata         0x00000000080024b0       0x48
                0x00000000080024b0                . = ALIGN (0x8)
 *(.rodata)
 *(.rodata*)
 .rodata.AHBPrescTable
                0x00000000080024b0       0x10 build/system_stm32l4xx.o
                0x00000000080024b0                AHBPrescTable
 .rodata.APBPrescTable
                0x00000000080024c0        0x8 build/system_stm32l4xx.o
                0x00000000080024c0                APBPrescTable
 .rodata.MSIRangeTable
                0x00000000080024c8       0x30 build/system_stm32l4xx.o
                0x00000000080024c8                MSIRangeTable
                0x00000000080024f8                . = ALIGN (0x8)

.ARM.extab      0x00000000080024f8        0x0
                0x00000000080024f8                . = ALIGN (0x8)
 *(.ARM.extab* .gnu.linkonce.armextab.*)
                0x00000000080024f8                . = ALIGN (0x8)

.ARM            0x00000000080024f8        0x8
                0x00000000080024f8                . = ALIGN (0x8)
                0x00000000080024f8                __exidx_start = .
 *(.ARM.exidx*)
 .ARM.exidx     0x00000000080024f8        0x8 /home/mats/gcc-arm-none-eabi-7-2018-q2-update/bin/../lib/gcc/arm-none-eabi/7.3.1/thumb/v7e-m/fpv4-sp/hard/libgcc.a(_udivmoddi4.o)
                0x0000000008002500                __exidx_end = .
                0x0000000008002500                . = ALIGN (0x8)

.rel.dyn        0x0000000008002500        0x0
 .rel.iplt      0x0000000008002500        0x0 /home/mats/gcc-arm-none-eabi-7-2018-q2-update/bin/../lib/gcc/arm-none-eabi/7.3.1/thumb/v7e-m/fpv4-sp/hard/crtbegin.o

.preinit_array  0x0000000008002500        0x0
                0x0000000008002500                . = ALIGN (0x8)
                0x0000000008002500                PROVIDE (__preinit_array_start = .)
 *(.preinit_array*)
                0x0000000008002500                PROVIDE (__preinit_array_end = .)
                0x0000000008002500                . = ALIGN (0x8)

.init_array     0x0000000008002500        0x8
                0x0000000008002500                . = ALIGN (0x8)
                0x0000000008002500                PROVIDE (__init_array_start = .)
 *(SORT_BY_NAME(.init_array.*))
 *(.init_array*)
 .init_array    0x0000000008002500        0x4 /home/mats/gcc-arm-none-eabi-7-2018-q2-update/bin/../lib/gcc/arm-none-eabi/7.3.1/thumb/v7e-m/fpv4-sp/hard/crtbegin.o
                0x0000000008002504                PROVIDE (__init_array_end = .)
                0x0000000008002508                . = ALIGN (0x8)
 *fill*         0x0000000008002504        0x4 

.fini_array     0x0000000008002508        0x8
                0x0000000008002508                . = ALIGN (0x8)
                [!provide]                        PROVIDE (__fini_array_start = .)
 *(SORT_BY_NAME(.fini_array.*))
 *(.fini_array*)
 .fini_array    0x0000000008002508        0x4 /home/mats/gcc-arm-none-eabi-7-2018-q2-update/bin/../lib/gcc/arm-none-eabi/7.3.1/thumb/v7e-m/fpv4-sp/hard/crtbegin.o
                [!provide]                        PROVIDE (__fini_array_end = .)
                0x0000000008002510                . = ALIGN (0x8)
 *fill*         0x000000000800250c        0x4 
                0x0000000008002510                _sidata = LOADADDR (.data)

.data           0x0000000020000000        0x8 load address 0x0000000008002510
                0x0000000020000000                . = ALIGN (0x8)
                0x0000000020000000                _sdata = .
 *(.data)
 *(.data*)
 .data.SystemCoreClock
                0x0000000020000000        0x4 build/system_stm32l4xx.o
                0x0000000020000000                SystemCoreClock
                0x0000000020000008                . = ALIGN (0x8)
 *fill*         0x0000000020000004        0x4 
                0x0000000020000008                _edata = .

.igot.plt       0x0000000020000008        0x0 load address 0x0000000008002518
 .igot.plt      0x0000000020000008        0x0 /home/mats/gcc-arm-none-eabi-7-2018-q2-update/bin/../lib/gcc/arm-none-eabi/7.3.1/thumb/v7e-m/fpv4-sp/hard/crtbegin.o
                0x0000000020000008                . = ALIGN (0x4)

.bss            0x0000000020000008       0xa4 load address 0x0000000008002518
                0x0000000020000008                _sbss = .
                0x0000000020000008                __bss_start__ = _sbss
 *(.bss)
 .bss           0x0000000020000008       0x1c /home/mats/gcc-arm-none-eabi-7-2018-q2-update/bin/../lib/gcc/arm-none-eabi/7.3.1/thumb/v7e-m/fpv4-sp/hard/crtbegin.o
 *(.bss*)
 *(COMMON)
 COMMON         0x0000000020000024       0x84 build/main.o
                0x0000000020000024                hlpuart1
                0x000000002000009c                buttonStatus
 COMMON         0x00000000200000a8        0x4 build/stm32l4xx_hal.o
                0x00000000200000a8                uwTick
                0x00000000200000ac                . = ALIGN (0x4)
                0x00000000200000ac                _ebss = .
                0x00000000200000ac                __bss_end__ = _ebss

._user_heap_stack
                0x00000000200000ac      0x604 load address 0x0000000008002518
                0x00000000200000b0                . = ALIGN (0x8)
 *fill*         0x00000000200000ac        0x4 
                [!provide]                        PROVIDE (end = .)
                [!provide]                        PROVIDE (_end = .)
                0x00000000200002b0                . = (. + _Min_Heap_Size)
 *fill*         0x00000000200000b0      0x200 
                0x00000000200006b0                . = (. + _Min_Stack_Size)
 *fill*         0x00000000200002b0      0x400 
                0x00000000200006b0                . = ALIGN (0x8)

/DISCARD/
 libc.a(*)
 libm.a(*)
 libgcc.a(*)

.ARM.attributes
                0x0000000000000000       0x30
 *(.ARM.attributes)
 .ARM.attributes
                0x0000000000000000       0x22 /home/mats/gcc-arm-none-eabi-7-2018-q2-update/bin/../lib/gcc/arm-none-eabi/7.3.1/thumb/v7e-m/fpv4-sp/hard/crti.o
 .ARM.attributes
                0x0000000000000022       0x34 /home/mats/gcc-arm-none-eabi-7-2018-q2-update/bin/../lib/gcc/arm-none-eabi/7.3.1/thumb/v7e-m/fpv4-sp/hard/crtbegin.o
 .ARM.attributes
                0x0000000000000056       0x39 build/main.o
 .ARM.attributes
                0x000000000000008f       0x39 build/stm32l4xx_it.o
 .ARM.attributes
                0x00000000000000c8       0x39 build/stm32l4xx_hal_msp.o
 .ARM.attributes
                0x0000000000000101       0x39 build/stm32l4xx_hal_uart.o
 .ARM.attributes
                0x000000000000013a       0x39 build/stm32l4xx_hal.o
 .ARM.attributes
                0x0000000000000173       0x39 build/stm32l4xx_hal_rcc.o
 .ARM.attributes
                0x00000000000001ac       0x39 build/stm32l4xx_hal_rcc_ex.o
 .ARM.attributes
                0x00000000000001e5       0x39 build/stm32l4xx_hal_gpio.o
 .ARM.attributes
                0x000000000000021e       0x39 build/stm32l4xx_hal_pwr_ex.o
 .ARM.attributes
                0x0000000000000257       0x39 build/stm32l4xx_hal_cortex.o
 .ARM.attributes
                0x0000000000000290       0x39 build/system_stm32l4xx.o
 .ARM.attributes
                0x00000000000002c9       0x21 build/startup_stm32l496xx.o
 .ARM.attributes
                0x00000000000002ea       0x34 /home/mats/gcc-arm-none-eabi-7-2018-q2-update/bin/../lib/gcc/arm-none-eabi/7.3.1/../../../../arm-none-eabi/lib/thumb/v7e-m/fpv4-sp/hard/libc_nano.a(lib_a-init.o)
 .ARM.attributes
                0x000000000000031e       0x34 /home/mats/gcc-arm-none-eabi-7-2018-q2-update/bin/../lib/gcc/arm-none-eabi/7.3.1/../../../../arm-none-eabi/lib/thumb/v7e-m/fpv4-sp/hard/libc_nano.a(lib_a-memset.o)
 .ARM.attributes
                0x0000000000000352       0x22 /home/mats/gcc-arm-none-eabi-7-2018-q2-update/bin/../lib/gcc/arm-none-eabi/7.3.1/thumb/v7e-m/fpv4-sp/hard/libgcc.a(_aeabi_uldivmod.o)
 .ARM.attributes
                0x0000000000000374       0x34 /home/mats/gcc-arm-none-eabi-7-2018-q2-update/bin/../lib/gcc/arm-none-eabi/7.3.1/thumb/v7e-m/fpv4-sp/hard/libgcc.a(_udivmoddi4.o)
 .ARM.attributes
                0x00000000000003a8       0x22 /home/mats/gcc-arm-none-eabi-7-2018-q2-update/bin/../lib/gcc/arm-none-eabi/7.3.1/thumb/v7e-m/fpv4-sp/hard/libgcc.a(_dvmd_tls.o)
 .ARM.attributes
                0x00000000000003ca       0x22 /home/mats/gcc-arm-none-eabi-7-2018-q2-update/bin/../lib/gcc/arm-none-eabi/7.3.1/thumb/v7e-m/fpv4-sp/hard/crtn.o
OUTPUT(build/Saxophone.elf elf32-littlearm)

.debug_info     0x0000000000000000     0xa090
 .debug_info    0x0000000000000000     0x153a build/main.o
 .debug_info    0x000000000000153a      0x236 build/stm32l4xx_it.o
 .debug_info    0x0000000000001770      0xc57 build/stm32l4xx_hal_msp.o
 .debug_info    0x00000000000023c7     0x1e0f build/stm32l4xx_hal_uart.o
 .debug_info    0x00000000000041d6      0xc59 build/stm32l4xx_hal.o
 .debug_info    0x0000000000004e2f      0xfaf build/stm32l4xx_hal_rcc.o
 .debug_info    0x0000000000005dde     0x1617 build/stm32l4xx_hal_rcc_ex.o
 .debug_info    0x00000000000073f5      0x948 build/stm32l4xx_hal_gpio.o
 .debug_info    0x0000000000007d3d      0xc2b build/stm32l4xx_hal_pwr_ex.o
 .debug_info    0x0000000000008968     0x1088 build/stm32l4xx_hal_cortex.o
 .debug_info    0x00000000000099f0      0x67e build/system_stm32l4xx.o
 .debug_info    0x000000000000a06e       0x22 build/startup_stm32l496xx.o

.debug_abbrev   0x0000000000000000     0x16b5
 .debug_abbrev  0x0000000000000000      0x24d build/main.o
 .debug_abbrev  0x000000000000024d       0xca build/stm32l4xx_it.o
 .debug_abbrev  0x0000000000000317      0x1a7 build/stm32l4xx_hal_msp.o
 .debug_abbrev  0x00000000000004be      0x282 build/stm32l4xx_hal_uart.o
 .debug_abbrev  0x0000000000000740      0x216 build/stm32l4xx_hal.o
 .debug_abbrev  0x0000000000000956      0x262 build/stm32l4xx_hal_rcc.o
 .debug_abbrev  0x0000000000000bb8      0x280 build/stm32l4xx_hal_rcc_ex.o
 .debug_abbrev  0x0000000000000e38      0x213 build/stm32l4xx_hal_gpio.o
 .debug_abbrev  0x000000000000104b      0x216 build/stm32l4xx_hal_pwr_ex.o
 .debug_abbrev  0x0000000000001261      0x30f build/stm32l4xx_hal_cortex.o
 .debug_abbrev  0x0000000000001570      0x133 build/system_stm32l4xx.o
 .debug_abbrev  0x00000000000016a3       0x12 build/startup_stm32l496xx.o

.debug_loc      0x0000000000000000     0x5f93
 .debug_loc     0x0000000000000000      0x128 build/main.o
 .debug_loc     0x0000000000000128       0x20 build/stm32l4xx_it.o
 .debug_loc     0x0000000000000148      0x104 build/stm32l4xx_hal_msp.o
 .debug_loc     0x000000000000024c     0x1d6a build/stm32l4xx_hal_uart.o
 .debug_loc     0x0000000000001fb6      0x1d4 build/stm32l4xx_hal.o
 .debug_loc     0x000000000000218a      0x7b4 build/stm32l4xx_hal_rcc.o
 .debug_loc     0x000000000000293e     0x1ff2 build/stm32l4xx_hal_rcc_ex.o
 .debug_loc     0x0000000000004930      0x405 build/stm32l4xx_hal_gpio.o
 .debug_loc     0x0000000000004d35      0xa48 build/stm32l4xx_hal_pwr_ex.o
 .debug_loc     0x000000000000577d      0x65e build/stm32l4xx_hal_cortex.o
 .debug_loc     0x0000000000005ddb      0x1b8 build/system_stm32l4xx.o

.debug_aranges  0x0000000000000000      0x810
 .debug_aranges
                0x0000000000000000       0x48 build/main.o
 .debug_aranges
                0x0000000000000048       0x60 build/stm32l4xx_it.o
 .debug_aranges
                0x00000000000000a8       0x30 build/stm32l4xx_hal_msp.o
 .debug_aranges
                0x00000000000000d8      0x1f8 build/stm32l4xx_hal_uart.o
 .debug_aranges
                0x00000000000002d0      0x118 build/stm32l4xx_hal.o
 .debug_aranges
                0x00000000000003e8       0x88 build/stm32l4xx_hal_rcc.o
 .debug_aranges
                0x0000000000000470      0x108 build/stm32l4xx_hal_rcc_ex.o
 .debug_aranges
                0x0000000000000578       0x58 build/stm32l4xx_hal_gpio.o
 .debug_aranges
                0x00000000000005d0      0x148 build/stm32l4xx_hal_pwr_ex.o
 .debug_aranges
                0x0000000000000718       0xa8 build/stm32l4xx_hal_cortex.o
 .debug_aranges
                0x00000000000007c0       0x28 build/system_stm32l4xx.o
 .debug_aranges
                0x00000000000007e8       0x28 build/startup_stm32l496xx.o

.debug_ranges   0x0000000000000000      0x7f0
 .debug_ranges  0x0000000000000000       0x38 build/main.o
 .debug_ranges  0x0000000000000038       0x50 build/stm32l4xx_it.o
 .debug_ranges  0x0000000000000088       0x20 build/stm32l4xx_hal_msp.o
 .debug_ranges  0x00000000000000a8      0x1e8 build/stm32l4xx_hal_uart.o
 .debug_ranges  0x0000000000000290      0x108 build/stm32l4xx_hal.o
 .debug_ranges  0x0000000000000398       0x90 build/stm32l4xx_hal_rcc.o
 .debug_ranges  0x0000000000000428      0x118 build/stm32l4xx_hal_rcc_ex.o
 .debug_ranges  0x0000000000000540       0x48 build/stm32l4xx_hal_gpio.o
 .debug_ranges  0x0000000000000588      0x138 build/stm32l4xx_hal_pwr_ex.o
 .debug_ranges  0x00000000000006c0       0xf8 build/stm32l4xx_hal_cortex.o
 .debug_ranges  0x00000000000007b8       0x18 build/system_stm32l4xx.o
 .debug_ranges  0x00000000000007d0       0x20 build/startup_stm32l496xx.o

.debug_line     0x0000000000000000     0x3967
 .debug_line    0x0000000000000000      0x330 build/main.o
 .debug_line    0x0000000000000330      0x216 build/stm32l4xx_it.o
 .debug_line    0x0000000000000546      0x25b build/stm32l4xx_hal_msp.o
 .debug_line    0x00000000000007a1      0xdd6 build/stm32l4xx_hal_uart.o
 .debug_line    0x0000000000001577      0x440 build/stm32l4xx_hal.o
 .debug_line    0x00000000000019b7      0x59f build/stm32l4xx_hal_rcc.o
 .debug_line    0x0000000000001f56      0x965 build/stm32l4xx_hal_rcc_ex.o
 .debug_line    0x00000000000028bb      0x368 build/stm32l4xx_hal_gpio.o
 .debug_line    0x0000000000002c23      0x6b8 build/stm32l4xx_hal_pwr_ex.o
 .debug_line    0x00000000000032db      0x41e build/stm32l4xx_hal_cortex.o
 .debug_line    0x00000000000036f9      0x1fa build/system_stm32l4xx.o
 .debug_line    0x00000000000038f3       0x74 build/startup_stm32l496xx.o

.debug_str      0x0000000000000000     0x2f69
 .debug_str     0x0000000000000000      0xd0b build/main.o
                                        0xdca (size before relaxing)
 .debug_str     0x0000000000000d0b       0xaf build/stm32l4xx_it.o
                                        0x2a3 (size before relaxing)
 .debug_str     0x0000000000000dba       0x5e build/stm32l4xx_hal_msp.o
                                        0x8bd (size before relaxing)
 .debug_str     0x0000000000000e18      0x730 build/stm32l4xx_hal_uart.o
                                        0xf9d (size before relaxing)
 .debug_str     0x0000000000001548      0x91e build/stm32l4xx_hal.o
                                        0xd02 (size before relaxing)
 .debug_str     0x0000000000001e66      0x284 build/stm32l4xx_hal_rcc.o
                                        0x896 (size before relaxing)
 .debug_str     0x00000000000020ea      0x529 build/stm32l4xx_hal_rcc_ex.o
                                        0xd48 (size before relaxing)
 .debug_str     0x0000000000002613       0xc4 build/stm32l4xx_hal_gpio.o
                                        0x5b3 (size before relaxing)
 .debug_str     0x00000000000026d7      0x4ca build/stm32l4xx_hal_pwr_ex.o
                                        0x848 (size before relaxing)
 .debug_str     0x0000000000002ba1      0x36c build/stm32l4xx_hal_cortex.o
                                        0xcbf (size before relaxing)
 .debug_str     0x0000000000002f0d       0x38 build/system_stm32l4xx.o
                                        0x400 (size before relaxing)
 .debug_str     0x0000000000002f45       0x24 build/startup_stm32l496xx.o
                                         0x49 (size before relaxing)

.comment        0x0000000000000000       0x7f
 .comment       0x0000000000000000       0x7f build/main.o
                                         0x80 (size before relaxing)
 .comment       0x000000000000007f       0x80 build/stm32l4xx_it.o
 .comment       0x000000000000007f       0x80 build/stm32l4xx_hal_msp.o
 .comment       0x000000000000007f       0x80 build/stm32l4xx_hal_uart.o
 .comment       0x000000000000007f       0x80 build/stm32l4xx_hal.o
 .comment       0x000000000000007f       0x80 build/stm32l4xx_hal_rcc.o
 .comment       0x000000000000007f       0x80 build/stm32l4xx_hal_rcc_ex.o
 .comment       0x000000000000007f       0x80 build/stm32l4xx_hal_gpio.o
 .comment       0x000000000000007f       0x80 build/stm32l4xx_hal_pwr_ex.o
 .comment       0x000000000000007f       0x80 build/stm32l4xx_hal_cortex.o
 .comment       0x000000000000007f       0x80 build/system_stm32l4xx.o

.debug_frame    0x0000000000000000     0x14b4
 .debug_frame   0x0000000000000000       0xc8 build/main.o
 .debug_frame   0x00000000000000c8       0xac build/stm32l4xx_it.o
 .debug_frame   0x0000000000000174       0x64 build/stm32l4xx_hal_msp.o
 .debug_frame   0x00000000000001d8      0x614 build/stm32l4xx_hal_uart.o
 .debug_frame   0x00000000000007ec      0x250 build/stm32l4xx_hal.o
 .debug_frame   0x0000000000000a3c      0x1c0 build/stm32l4xx_hal_rcc.o
 .debug_frame   0x0000000000000bfc      0x2e8 build/stm32l4xx_hal_rcc_ex.o
 .debug_frame   0x0000000000000ee4      0x10c build/stm32l4xx_hal_gpio.o
 .debug_frame   0x0000000000000ff0      0x27c build/stm32l4xx_hal_pwr_ex.o
 .debug_frame   0x000000000000126c      0x16c build/stm32l4xx_hal_cortex.o
 .debug_frame   0x00000000000013d8       0x30 build/system_stm32l4xx.o
 .debug_frame   0x0000000000001408       0x2c /home/mats/gcc-arm-none-eabi-7-2018-q2-update/bin/../lib/gcc/arm-none-eabi/7.3.1/../../../../arm-none-eabi/lib/thumb/v7e-m/fpv4-sp/hard/libc_nano.a(lib_a-init.o)
 .debug_frame   0x0000000000001434       0x20 /home/mats/gcc-arm-none-eabi-7-2018-q2-update/bin/../lib/gcc/arm-none-eabi/7.3.1/../../../../arm-none-eabi/lib/thumb/v7e-m/fpv4-sp/hard/libc_nano.a(lib_a-memset.o)
 .debug_frame   0x0000000000001454       0x2c /home/mats/gcc-arm-none-eabi-7-2018-q2-update/bin/../lib/gcc/arm-none-eabi/7.3.1/thumb/v7e-m/fpv4-sp/hard/libgcc.a(_aeabi_uldivmod.o)
 .debug_frame   0x0000000000001480       0x34 /home/mats/gcc-arm-none-eabi-7-2018-q2-update/bin/../lib/gcc/arm-none-eabi/7.3.1/thumb/v7e-m/fpv4-sp/hard/libgcc.a(_udivmoddi4.o)

Cross Reference Table

Symbol                                            File
ADC1_2_IRQHandler                                 build/startup_stm32l496xx.o
ADC3_IRQHandler                                   build/startup_stm32l496xx.o
AHBPrescTable                                     build/system_stm32l4xx.o
                                                  build/stm32l4xx_hal_rcc.o
APBPrescTable                                     build/system_stm32l4xx.o
                                                  build/stm32l4xx_hal_rcc.o
BusFault_Handler                                  build/stm32l4xx_it.o
CAN1_RX0_IRQHandler                               build/startup_stm32l496xx.o
CAN1_RX1_IRQHandler                               build/startup_stm32l496xx.o
CAN1_SCE_IRQHandler                               build/startup_stm32l496xx.o
CAN1_TX_IRQHandler                                build/startup_stm32l496xx.o
CAN2_RX0_IRQHandler                               build/startup_stm32l496xx.o
CAN2_RX1_IRQHandler                               build/startup_stm32l496xx.o
CAN2_SCE_IRQHandler                               build/startup_stm32l496xx.o
CAN2_TX_IRQHandler                                build/startup_stm32l496xx.o
COMP_IRQHandler                                   build/startup_stm32l496xx.o
CRS_IRQHandler                                    build/startup_stm32l496xx.o
DCMI_IRQHandler                                   build/startup_stm32l496xx.o
DFSDM1_FLT0_IRQHandler                            build/startup_stm32l496xx.o
DFSDM1_FLT1_IRQHandler                            build/startup_stm32l496xx.o
DFSDM1_FLT2_IRQHandler                            build/startup_stm32l496xx.o
DFSDM1_FLT3_IRQHandler                            build/startup_stm32l496xx.o
DMA1_Channel1_IRQHandler                          build/startup_stm32l496xx.o
DMA1_Channel2_IRQHandler                          build/startup_stm32l496xx.o
DMA1_Channel3_IRQHandler                          build/startup_stm32l496xx.o
DMA1_Channel4_IRQHandler                          build/startup_stm32l496xx.o
DMA1_Channel5_IRQHandler                          build/startup_stm32l496xx.o
DMA1_Channel6_IRQHandler                          build/startup_stm32l496xx.o
DMA1_Channel7_IRQHandler                          build/startup_stm32l496xx.o
DMA2D_IRQHandler                                  build/startup_stm32l496xx.o
DMA2_Channel1_IRQHandler                          build/startup_stm32l496xx.o
DMA2_Channel2_IRQHandler                          build/startup_stm32l496xx.o
DMA2_Channel3_IRQHandler                          build/startup_stm32l496xx.o
DMA2_Channel4_IRQHandler                          build/startup_stm32l496xx.o
DMA2_Channel5_IRQHandler                          build/startup_stm32l496xx.o
DMA2_Channel6_IRQHandler                          build/startup_stm32l496xx.o
DMA2_Channel7_IRQHandler                          build/startup_stm32l496xx.o
DebugMon_Handler                                  build/stm32l4xx_it.o
Default_Handler                                   build/startup_stm32l496xx.o
EXTI0_IRQHandler                                  build/startup_stm32l496xx.o
EXTI15_10_IRQHandler                              build/startup_stm32l496xx.o
EXTI1_IRQHandler                                  build/startup_stm32l496xx.o
EXTI2_IRQHandler                                  build/startup_stm32l496xx.o
EXTI3_IRQHandler                                  build/startup_stm32l496xx.o
EXTI4_IRQHandler                                  build/startup_stm32l496xx.o
EXTI9_5_IRQHandler                                build/startup_stm32l496xx.o
Error_Handler                                     build/main.o
FLASH_FlushCaches                                 build/stm32l4xx_hal_flash_ex.o
                                                  build/stm32l4xx_hal_flash.o
FLASH_IRQHandler                                  build/startup_stm32l496xx.o
FLASH_PageErase                                   build/stm32l4xx_hal_flash_ex.o
                                                  build/stm32l4xx_hal_flash.o
FLASH_WaitForLastOperation                        build/stm32l4xx_hal_flash.o
                                                  build/stm32l4xx_hal_flash_ex.o
FMC_IRQHandler                                    build/startup_stm32l496xx.o
FPU_IRQHandler                                    build/startup_stm32l496xx.o
HAL_DBGMCU_DisableDBGSleepMode                    build/stm32l4xx_hal.o
HAL_DBGMCU_DisableDBGStandbyMode                  build/stm32l4xx_hal.o
HAL_DBGMCU_DisableDBGStopMode                     build/stm32l4xx_hal.o
HAL_DBGMCU_EnableDBGSleepMode                     build/stm32l4xx_hal.o
HAL_DBGMCU_EnableDBGStandbyMode                   build/stm32l4xx_hal.o
HAL_DBGMCU_EnableDBGStopMode                      build/stm32l4xx_hal.o
HAL_DMA_Abort                                     build/stm32l4xx_hal_dma.o
                                                  build/stm32l4xx_hal_uart.o
HAL_DMA_Abort_IT                                  build/stm32l4xx_hal_dma.o
                                                  build/stm32l4xx_hal_i2c.o
                                                  build/stm32l4xx_hal_uart.o
HAL_DMA_DeInit                                    build/stm32l4xx_hal_dma.o
HAL_DMA_GetError                                  build/stm32l4xx_hal_dma.o
HAL_DMA_GetState                                  build/stm32l4xx_hal_dma.o
HAL_DMA_IRQHandler                                build/stm32l4xx_hal_dma.o
HAL_DMA_Init                                      build/stm32l4xx_hal_dma.o
HAL_DMA_PollForTransfer                           build/stm32l4xx_hal_dma.o
HAL_DMA_RegisterCallback                          build/stm32l4xx_hal_dma.o
HAL_DMA_Start                                     build/stm32l4xx_hal_dma.o
HAL_DMA_Start_IT                                  build/stm32l4xx_hal_dma.o
                                                  build/stm32l4xx_hal_i2c.o
                                                  build/stm32l4xx_hal_uart.o
HAL_DMA_UnRegisterCallback                        build/stm32l4xx_hal_dma.o
HAL_DeInit                                        build/stm32l4xx_hal.o
HAL_Delay                                         build/stm32l4xx_hal.o
HAL_FLASHEx_DisableRunPowerDown                   build/stm32l4xx_hal_flash_ramfunc.o
HAL_FLASHEx_EnableRunPowerDown                    build/stm32l4xx_hal_flash_ramfunc.o
HAL_FLASHEx_Erase                                 build/stm32l4xx_hal_flash_ex.o
HAL_FLASHEx_Erase_IT                              build/stm32l4xx_hal_flash_ex.o
HAL_FLASHEx_OBGetConfig                           build/stm32l4xx_hal_flash_ex.o
HAL_FLASHEx_OBProgram                             build/stm32l4xx_hal_flash_ex.o
HAL_FLASH_EndOfOperationCallback                  build/stm32l4xx_hal_flash.o
HAL_FLASH_GetError                                build/stm32l4xx_hal_flash.o
HAL_FLASH_IRQHandler                              build/stm32l4xx_hal_flash.o
HAL_FLASH_Lock                                    build/stm32l4xx_hal_flash.o
HAL_FLASH_OB_Launch                               build/stm32l4xx_hal_flash.o
HAL_FLASH_OB_Lock                                 build/stm32l4xx_hal_flash.o
HAL_FLASH_OB_Unlock                               build/stm32l4xx_hal_flash.o
HAL_FLASH_OperationErrorCallback                  build/stm32l4xx_hal_flash.o
HAL_FLASH_Program                                 build/stm32l4xx_hal_flash.o
HAL_FLASH_Program_IT                              build/stm32l4xx_hal_flash.o
HAL_FLASH_Unlock                                  build/stm32l4xx_hal_flash.o
HAL_GPIO_DeInit                                   build/stm32l4xx_hal_gpio.o
                                                  build/stm32l4xx_hal_msp.o
HAL_GPIO_EXTI_Callback                            build/stm32l4xx_hal_gpio.o
HAL_GPIO_EXTI_IRQHandler                          build/stm32l4xx_hal_gpio.o
HAL_GPIO_Init                                     build/stm32l4xx_hal_gpio.o
                                                  build/stm32l4xx_hal_rcc_ex.o
                                                  build/stm32l4xx_hal_rcc.o
                                                  build/stm32l4xx_hal_msp.o
                                                  build/main.o
HAL_GPIO_LockPin                                  build/stm32l4xx_hal_gpio.o
HAL_GPIO_ReadPin                                  build/stm32l4xx_hal_gpio.o
                                                  build/main.o
HAL_GPIO_TogglePin                                build/stm32l4xx_hal_gpio.o
HAL_GPIO_WritePin                                 build/stm32l4xx_hal_gpio.o
                                                  build/main.o
HAL_GetDEVID                                      build/stm32l4xx_hal.o
HAL_GetHalVersion                                 build/stm32l4xx_hal.o
HAL_GetREVID                                      build/stm32l4xx_hal.o
HAL_GetTick                                       build/stm32l4xx_hal.o
                                                  build/stm32l4xx_hal_dma.o
                                                  build/stm32l4xx_hal_flash.o
                                                  build/stm32l4xx_hal_rcc_ex.o
                                                  build/stm32l4xx_hal_rcc.o
                                                  build/stm32l4xx_hal_i2c.o
                                                  build/stm32l4xx_hal_uart_ex.o
                                                  build/stm32l4xx_hal_uart.o
HAL_GetUIDw0                                      build/stm32l4xx_hal.o
HAL_GetUIDw1                                      build/stm32l4xx_hal.o
HAL_GetUIDw2                                      build/stm32l4xx_hal.o
HAL_HalfDuplex_EnableReceiver                     build/stm32l4xx_hal_uart.o
HAL_HalfDuplex_EnableTransmitter                  build/stm32l4xx_hal_uart.o
HAL_HalfDuplex_Init                               build/stm32l4xx_hal_uart.o
HAL_I2CEx_ConfigAnalogFilter                      build/stm32l4xx_hal_i2c_ex.o
HAL_I2CEx_ConfigDigitalFilter                     build/stm32l4xx_hal_i2c_ex.o
HAL_I2CEx_DisableFastModePlus                     build/stm32l4xx_hal_i2c_ex.o
HAL_I2CEx_DisableWakeUp                           build/stm32l4xx_hal_i2c_ex.o
HAL_I2CEx_EnableFastModePlus                      build/stm32l4xx_hal_i2c_ex.o
HAL_I2CEx_EnableWakeUp                            build/stm32l4xx_hal_i2c_ex.o
HAL_I2C_AbortCpltCallback                         build/stm32l4xx_hal_i2c.o
HAL_I2C_AddrCallback                              build/stm32l4xx_hal_i2c.o
HAL_I2C_DeInit                                    build/stm32l4xx_hal_i2c.o
HAL_I2C_DisableListen_IT                          build/stm32l4xx_hal_i2c.o
HAL_I2C_ER_IRQHandler                             build/stm32l4xx_hal_i2c.o
HAL_I2C_EV_IRQHandler                             build/stm32l4xx_hal_i2c.o
HAL_I2C_EnableListen_IT                           build/stm32l4xx_hal_i2c.o
HAL_I2C_ErrorCallback                             build/stm32l4xx_hal_i2c.o
HAL_I2C_GetError                                  build/stm32l4xx_hal_i2c.o
HAL_I2C_GetMode                                   build/stm32l4xx_hal_i2c.o
HAL_I2C_GetState                                  build/stm32l4xx_hal_i2c.o
HAL_I2C_Init                                      build/stm32l4xx_hal_i2c.o
HAL_I2C_IsDeviceReady                             build/stm32l4xx_hal_i2c.o
HAL_I2C_ListenCpltCallback                        build/stm32l4xx_hal_i2c.o
HAL_I2C_MasterRxCpltCallback                      build/stm32l4xx_hal_i2c.o
HAL_I2C_MasterTxCpltCallback                      build/stm32l4xx_hal_i2c.o
HAL_I2C_Master_Abort_IT                           build/stm32l4xx_hal_i2c.o
HAL_I2C_Master_Receive                            build/stm32l4xx_hal_i2c.o
HAL_I2C_Master_Receive_DMA                        build/stm32l4xx_hal_i2c.o
HAL_I2C_Master_Receive_IT                         build/stm32l4xx_hal_i2c.o
HAL_I2C_Master_Sequential_Receive_DMA             build/stm32l4xx_hal_i2c.o
HAL_I2C_Master_Sequential_Receive_IT              build/stm32l4xx_hal_i2c.o
HAL_I2C_Master_Sequential_Transmit_DMA            build/stm32l4xx_hal_i2c.o
HAL_I2C_Master_Sequential_Transmit_IT             build/stm32l4xx_hal_i2c.o
HAL_I2C_Master_Transmit                           build/stm32l4xx_hal_i2c.o
HAL_I2C_Master_Transmit_DMA                       build/stm32l4xx_hal_i2c.o
HAL_I2C_Master_Transmit_IT                        build/stm32l4xx_hal_i2c.o
HAL_I2C_MemRxCpltCallback                         build/stm32l4xx_hal_i2c.o
HAL_I2C_MemTxCpltCallback                         build/stm32l4xx_hal_i2c.o
HAL_I2C_Mem_Read                                  build/stm32l4xx_hal_i2c.o
HAL_I2C_Mem_Read_DMA                              build/stm32l4xx_hal_i2c.o
HAL_I2C_Mem_Read_IT                               build/stm32l4xx_hal_i2c.o
HAL_I2C_Mem_Write                                 build/stm32l4xx_hal_i2c.o
HAL_I2C_Mem_Write_DMA                             build/stm32l4xx_hal_i2c.o
HAL_I2C_Mem_Write_IT                              build/stm32l4xx_hal_i2c.o
HAL_I2C_MspDeInit                                 build/stm32l4xx_hal_i2c.o
HAL_I2C_MspInit                                   build/stm32l4xx_hal_i2c.o
HAL_I2C_SlaveRxCpltCallback                       build/stm32l4xx_hal_i2c.o
HAL_I2C_SlaveTxCpltCallback                       build/stm32l4xx_hal_i2c.o
HAL_I2C_Slave_Receive                             build/stm32l4xx_hal_i2c.o
HAL_I2C_Slave_Receive_DMA                         build/stm32l4xx_hal_i2c.o
HAL_I2C_Slave_Receive_IT                          build/stm32l4xx_hal_i2c.o
HAL_I2C_Slave_Sequential_Receive_DMA              build/stm32l4xx_hal_i2c.o
HAL_I2C_Slave_Sequential_Receive_IT               build/stm32l4xx_hal_i2c.o
HAL_I2C_Slave_Sequential_Transmit_DMA             build/stm32l4xx_hal_i2c.o
HAL_I2C_Slave_Sequential_Transmit_IT              build/stm32l4xx_hal_i2c.o
HAL_I2C_Slave_Transmit                            build/stm32l4xx_hal_i2c.o
HAL_I2C_Slave_Transmit_DMA                        build/stm32l4xx_hal_i2c.o
HAL_I2C_Slave_Transmit_IT                         build/stm32l4xx_hal_i2c.o
HAL_IncTick                                       build/stm32l4xx_hal.o
                                                  build/stm32l4xx_it.o
HAL_Init                                          build/stm32l4xx_hal.o
                                                  build/main.o
HAL_InitTick                                      build/stm32l4xx_hal.o
                                                  build/stm32l4xx_hal_rcc.o
HAL_LIN_Init                                      build/stm32l4xx_hal_uart.o
HAL_LIN_SendBreak                                 build/stm32l4xx_hal_uart.o
HAL_MPU_ConfigRegion                              build/stm32l4xx_hal_cortex.o
HAL_MPU_Disable                                   build/stm32l4xx_hal_cortex.o
HAL_MPU_Enable                                    build/stm32l4xx_hal_cortex.o
HAL_MspDeInit                                     build/stm32l4xx_hal.o
HAL_MspInit                                       build/stm32l4xx_hal_msp.o
HAL_MultiProcessorEx_AddressLength_Set            build/stm32l4xx_hal_uart_ex.o
HAL_MultiProcessor_DisableMuteMode                build/stm32l4xx_hal_uart.o
HAL_MultiProcessor_EnableMuteMode                 build/stm32l4xx_hal_uart.o
HAL_MultiProcessor_EnterMuteMode                  build/stm32l4xx_hal_uart.o
HAL_MultiProcessor_Init                           build/stm32l4xx_hal_uart.o
HAL_NVIC_ClearPendingIRQ                          build/stm32l4xx_hal_cortex.o
HAL_NVIC_DisableIRQ                               build/stm32l4xx_hal_cortex.o
HAL_NVIC_EnableIRQ                                build/stm32l4xx_hal_cortex.o
HAL_NVIC_GetActive                                build/stm32l4xx_hal_cortex.o
HAL_NVIC_GetPendingIRQ                            build/stm32l4xx_hal_cortex.o
HAL_NVIC_GetPriority                              build/stm32l4xx_hal_cortex.o
HAL_NVIC_GetPriorityGrouping                      build/stm32l4xx_hal_cortex.o
HAL_NVIC_SetPendingIRQ                            build/stm32l4xx_hal_cortex.o
HAL_NVIC_SetPriority                              build/stm32l4xx_hal_cortex.o
                                                  build/stm32l4xx_hal.o
HAL_NVIC_SetPriorityGrouping                      build/stm32l4xx_hal_cortex.o
                                                  build/stm32l4xx_hal.o
HAL_NVIC_SystemReset                              build/stm32l4xx_hal_cortex.o
HAL_PWREx_ConfigPVM                               build/stm32l4xx_hal_pwr_ex.o
HAL_PWREx_ControlVoltageScaling                   build/stm32l4xx_hal_pwr_ex.o
                                                  build/main.o
HAL_PWREx_DisableBatteryCharging                  build/stm32l4xx_hal_pwr_ex.o
HAL_PWREx_DisableGPIOPullDown                     build/stm32l4xx_hal_pwr_ex.o
HAL_PWREx_DisableGPIOPullUp                       build/stm32l4xx_hal_pwr_ex.o
HAL_PWREx_DisableInternalWakeUpLine               build/stm32l4xx_hal_pwr_ex.o
HAL_PWREx_DisableLowPowerRunMode                  build/stm32l4xx_hal_pwr_ex.o
                                                  build/stm32l4xx_hal_pwr.o
HAL_PWREx_DisablePVM1                             build/stm32l4xx_hal_pwr_ex.o
HAL_PWREx_DisablePVM2                             build/stm32l4xx_hal_pwr_ex.o
HAL_PWREx_DisablePVM3                             build/stm32l4xx_hal_pwr_ex.o
HAL_PWREx_DisablePVM4                             build/stm32l4xx_hal_pwr_ex.o
HAL_PWREx_DisablePullUpPullDownConfig             build/stm32l4xx_hal_pwr_ex.o
HAL_PWREx_DisableSRAM2ContentRetention            build/stm32l4xx_hal_pwr_ex.o
HAL_PWREx_DisableVddIO2                           build/stm32l4xx_hal_pwr_ex.o
HAL_PWREx_DisableVddUSB                           build/stm32l4xx_hal_pwr_ex.o
HAL_PWREx_EnableBatteryCharging                   build/stm32l4xx_hal_pwr_ex.o
HAL_PWREx_EnableGPIOPullDown                      build/stm32l4xx_hal_pwr_ex.o
HAL_PWREx_EnableGPIOPullUp                        build/stm32l4xx_hal_pwr_ex.o
HAL_PWREx_EnableInternalWakeUpLine                build/stm32l4xx_hal_pwr_ex.o
HAL_PWREx_EnableLowPowerRunMode                   build/stm32l4xx_hal_pwr_ex.o
                                                  build/stm32l4xx_hal_pwr.o
HAL_PWREx_EnablePVM1                              build/stm32l4xx_hal_pwr_ex.o
HAL_PWREx_EnablePVM2                              build/stm32l4xx_hal_pwr_ex.o
HAL_PWREx_EnablePVM3                              build/stm32l4xx_hal_pwr_ex.o
HAL_PWREx_EnablePVM4                              build/stm32l4xx_hal_pwr_ex.o
HAL_PWREx_EnablePullUpPullDownConfig              build/stm32l4xx_hal_pwr_ex.o
HAL_PWREx_EnableSRAM2ContentRetention             build/stm32l4xx_hal_pwr_ex.o
HAL_PWREx_EnableVddIO2                            build/stm32l4xx_hal_pwr_ex.o
                                                  build/stm32l4xx_hal_msp.o
                                                  build/main.o
HAL_PWREx_EnableVddUSB                            build/stm32l4xx_hal_pwr_ex.o
HAL_PWREx_EnterSHUTDOWNMode                       build/stm32l4xx_hal_pwr_ex.o
HAL_PWREx_EnterSTOP0Mode                          build/stm32l4xx_hal_pwr_ex.o
                                                  build/stm32l4xx_hal_pwr.o
HAL_PWREx_EnterSTOP1Mode                          build/stm32l4xx_hal_pwr_ex.o
                                                  build/stm32l4xx_hal_pwr.o
HAL_PWREx_EnterSTOP2Mode                          build/stm32l4xx_hal_pwr_ex.o
HAL_PWREx_GetVoltageRange                         build/stm32l4xx_hal_pwr_ex.o
                                                  build/stm32l4xx_hal_rcc.o
HAL_PWREx_PVD_PVM_IRQHandler                      build/stm32l4xx_hal_pwr_ex.o
HAL_PWREx_PVM1Callback                            build/stm32l4xx_hal_pwr_ex.o
HAL_PWREx_PVM2Callback                            build/stm32l4xx_hal_pwr_ex.o
HAL_PWREx_PVM3Callback                            build/stm32l4xx_hal_pwr_ex.o
HAL_PWREx_PVM4Callback                            build/stm32l4xx_hal_pwr_ex.o
HAL_PWR_ConfigPVD                                 build/stm32l4xx_hal_pwr.o
HAL_PWR_DeInit                                    build/stm32l4xx_hal_pwr.o
HAL_PWR_DisableBkUpAccess                         build/stm32l4xx_hal_pwr.o
                                                  build/stm32l4xx_hal_rcc_ex.o
HAL_PWR_DisablePVD                                build/stm32l4xx_hal_pwr.o
HAL_PWR_DisableSEVOnPend                          build/stm32l4xx_hal_pwr.o
HAL_PWR_DisableSleepOnExit                        build/stm32l4xx_hal_pwr.o
HAL_PWR_DisableWakeUpPin                          build/stm32l4xx_hal_pwr.o
HAL_PWR_EnableBkUpAccess                          build/stm32l4xx_hal_pwr.o
                                                  build/stm32l4xx_hal_rcc_ex.o
HAL_PWR_EnablePVD                                 build/stm32l4xx_hal_pwr.o
HAL_PWR_EnableSEVOnPend                           build/stm32l4xx_hal_pwr.o
HAL_PWR_EnableSleepOnExit                         build/stm32l4xx_hal_pwr.o
HAL_PWR_EnableWakeUpPin                           build/stm32l4xx_hal_pwr.o
HAL_PWR_EnterSLEEPMode                            build/stm32l4xx_hal_pwr.o
HAL_PWR_EnterSTANDBYMode                          build/stm32l4xx_hal_pwr.o
HAL_PWR_EnterSTOPMode                             build/stm32l4xx_hal_pwr.o
HAL_PWR_PVDCallback                               build/stm32l4xx_hal_pwr.o
                                                  build/stm32l4xx_hal_pwr_ex.o
HAL_RCCEx_CRSConfig                               build/stm32l4xx_hal_rcc_ex.o
HAL_RCCEx_CRSGetSynchronizationInfo               build/stm32l4xx_hal_rcc_ex.o
HAL_RCCEx_CRSSoftwareSynchronizationGenerate      build/stm32l4xx_hal_rcc_ex.o
HAL_RCCEx_CRSWaitSynchronization                  build/stm32l4xx_hal_rcc_ex.o
HAL_RCCEx_CRS_ErrorCallback                       build/stm32l4xx_hal_rcc_ex.o
HAL_RCCEx_CRS_ExpectedSyncCallback                build/stm32l4xx_hal_rcc_ex.o
HAL_RCCEx_CRS_IRQHandler                          build/stm32l4xx_hal_rcc_ex.o
HAL_RCCEx_CRS_SyncOkCallback                      build/stm32l4xx_hal_rcc_ex.o
HAL_RCCEx_CRS_SyncWarnCallback                    build/stm32l4xx_hal_rcc_ex.o
HAL_RCCEx_DisableLSCO                             build/stm32l4xx_hal_rcc_ex.o
HAL_RCCEx_DisableLSECSS                           build/stm32l4xx_hal_rcc_ex.o
HAL_RCCEx_DisableMSIPLLMode                       build/stm32l4xx_hal_rcc_ex.o
HAL_RCCEx_DisablePLLSAI1                          build/stm32l4xx_hal_rcc_ex.o
HAL_RCCEx_DisablePLLSAI2                          build/stm32l4xx_hal_rcc_ex.o
HAL_RCCEx_EnableLSCO                              build/stm32l4xx_hal_rcc_ex.o
HAL_RCCEx_EnableLSECSS                            build/stm32l4xx_hal_rcc_ex.o
HAL_RCCEx_EnableLSECSS_IT                         build/stm32l4xx_hal_rcc_ex.o
HAL_RCCEx_EnableMSIPLLMode                        build/stm32l4xx_hal_rcc_ex.o
HAL_RCCEx_EnablePLLSAI1                           build/stm32l4xx_hal_rcc_ex.o
HAL_RCCEx_EnablePLLSAI2                           build/stm32l4xx_hal_rcc_ex.o
HAL_RCCEx_GetPeriphCLKConfig                      build/stm32l4xx_hal_rcc_ex.o
HAL_RCCEx_GetPeriphCLKFreq                        build/stm32l4xx_hal_rcc_ex.o
HAL_RCCEx_LSECSS_Callback                         build/stm32l4xx_hal_rcc_ex.o
HAL_RCCEx_LSECSS_IRQHandler                       build/stm32l4xx_hal_rcc_ex.o
HAL_RCCEx_PeriphCLKConfig                         build/stm32l4xx_hal_rcc_ex.o
                                                  build/main.o
HAL_RCCEx_StandbyMSIRangeConfig                   build/stm32l4xx_hal_rcc_ex.o
HAL_RCCEx_WakeUpStopCLKConfig                     build/stm32l4xx_hal_rcc_ex.o
HAL_RCC_CSSCallback                               build/stm32l4xx_hal_rcc.o
HAL_RCC_ClockConfig                               build/stm32l4xx_hal_rcc.o
                                                  build/main.o
HAL_RCC_DeInit                                    build/stm32l4xx_hal_rcc.o
HAL_RCC_EnableCSS                                 build/stm32l4xx_hal_rcc.o
HAL_RCC_GetClockConfig                            build/stm32l4xx_hal_rcc.o
HAL_RCC_GetHCLKFreq                               build/stm32l4xx_hal_rcc.o
HAL_RCC_GetOscConfig                              build/stm32l4xx_hal_rcc.o
HAL_RCC_GetPCLK1Freq                              build/stm32l4xx_hal_rcc.o
                                                  build/stm32l4xx_hal_rcc_ex.o
                                                  build/stm32l4xx_hal_uart.o
HAL_RCC_GetPCLK2Freq                              build/stm32l4xx_hal_rcc.o
                                                  build/stm32l4xx_hal_rcc_ex.o
                                                  build/stm32l4xx_hal_uart.o
HAL_RCC_GetSysClockFreq                           build/stm32l4xx_hal_rcc.o
                                                  build/stm32l4xx_hal_rcc_ex.o
                                                  build/stm32l4xx_hal_uart.o
HAL_RCC_MCOConfig                                 build/stm32l4xx_hal_rcc.o
HAL_RCC_NMI_IRQHandler                            build/stm32l4xx_hal_rcc.o
HAL_RCC_OscConfig                                 build/stm32l4xx_hal_rcc.o
                                                  build/main.o
HAL_RS485Ex_Init                                  build/stm32l4xx_hal_uart_ex.o
HAL_ResumeTick                                    build/stm32l4xx_hal.o
HAL_SYSCFG_DisableIOAnalogSwitchBooster           build/stm32l4xx_hal.o
HAL_SYSCFG_DisableMemorySwappingBank              build/stm32l4xx_hal.o
HAL_SYSCFG_DisableVREFBUF                         build/stm32l4xx_hal.o
HAL_SYSCFG_EnableIOAnalogSwitchBooster            build/stm32l4xx_hal.o
HAL_SYSCFG_EnableMemorySwappingBank               build/stm32l4xx_hal.o
HAL_SYSCFG_EnableVREFBUF                          build/stm32l4xx_hal.o
HAL_SYSCFG_SRAM2Erase                             build/stm32l4xx_hal.o
HAL_SYSCFG_VREFBUF_HighImpedanceConfig            build/stm32l4xx_hal.o
HAL_SYSCFG_VREFBUF_TrimmingConfig                 build/stm32l4xx_hal.o
HAL_SYSCFG_VREFBUF_VoltageScalingConfig           build/stm32l4xx_hal.o
HAL_SYSTICK_CLKSourceConfig                       build/stm32l4xx_hal_cortex.o
HAL_SYSTICK_Callback                              build/stm32l4xx_hal_cortex.o
HAL_SYSTICK_Config                                build/stm32l4xx_hal_cortex.o
                                                  build/stm32l4xx_hal.o
HAL_SYSTICK_IRQHandler                            build/stm32l4xx_hal_cortex.o
HAL_SuspendTick                                   build/stm32l4xx_hal.o
HAL_UARTEx_DisableClockStopMode                   build/stm32l4xx_hal_uart_ex.o
HAL_UARTEx_DisableStopMode                        build/stm32l4xx_hal_uart_ex.o
HAL_UARTEx_EnableClockStopMode                    build/stm32l4xx_hal_uart_ex.o
HAL_UARTEx_EnableStopMode                         build/stm32l4xx_hal_uart_ex.o
HAL_UARTEx_StopModeWakeUpSourceConfig             build/stm32l4xx_hal_uart_ex.o
HAL_UARTEx_WakeupCallback                         build/stm32l4xx_hal_uart_ex.o
                                                  build/stm32l4xx_hal_uart.o
HAL_UART_Abort                                    build/stm32l4xx_hal_uart.o
HAL_UART_AbortCpltCallback                        build/stm32l4xx_hal_uart.o
HAL_UART_AbortReceive                             build/stm32l4xx_hal_uart.o
HAL_UART_AbortReceiveCpltCallback                 build/stm32l4xx_hal_uart.o
HAL_UART_AbortReceive_IT                          build/stm32l4xx_hal_uart.o
HAL_UART_AbortTransmit                            build/stm32l4xx_hal_uart.o
HAL_UART_AbortTransmitCpltCallback                build/stm32l4xx_hal_uart.o
HAL_UART_AbortTransmit_IT                         build/stm32l4xx_hal_uart.o
HAL_UART_Abort_IT                                 build/stm32l4xx_hal_uart.o
HAL_UART_DMAPause                                 build/stm32l4xx_hal_uart.o
HAL_UART_DMAResume                                build/stm32l4xx_hal_uart.o
HAL_UART_DMAStop                                  build/stm32l4xx_hal_uart.o
HAL_UART_DeInit                                   build/stm32l4xx_hal_uart.o
HAL_UART_ErrorCallback                            build/stm32l4xx_hal_uart.o
HAL_UART_GetError                                 build/stm32l4xx_hal_uart.o
HAL_UART_GetState                                 build/stm32l4xx_hal_uart.o
HAL_UART_IRQHandler                               build/stm32l4xx_hal_uart.o
HAL_UART_Init                                     build/stm32l4xx_hal_uart.o
                                                  build/main.o
HAL_UART_MspDeInit                                build/stm32l4xx_hal_msp.o
HAL_UART_MspInit                                  build/stm32l4xx_hal_msp.o
                                                  build/stm32l4xx_hal_uart_ex.o
HAL_UART_Receive                                  build/stm32l4xx_hal_uart.o
HAL_UART_Receive_DMA                              build/stm32l4xx_hal_uart.o
HAL_UART_Receive_IT                               build/stm32l4xx_hal_uart.o
HAL_UART_RxCpltCallback                           build/stm32l4xx_hal_uart.o
HAL_UART_RxHalfCpltCallback                       build/stm32l4xx_hal_uart.o
HAL_UART_Transmit                                 build/stm32l4xx_hal_uart.o
                                                  build/main.o
HAL_UART_Transmit_DMA                             build/stm32l4xx_hal_uart.o
HAL_UART_Transmit_IT                              build/stm32l4xx_hal_uart.o
HAL_UART_TxCpltCallback                           build/stm32l4xx_hal_uart.o
HAL_UART_TxHalfCpltCallback                       build/stm32l4xx_hal_uart.o
HardFault_Handler                                 build/stm32l4xx_it.o
I2C1_ER_IRQHandler                                build/startup_stm32l496xx.o
I2C1_EV_IRQHandler                                build/startup_stm32l496xx.o
I2C2_ER_IRQHandler                                build/startup_stm32l496xx.o
I2C2_EV_IRQHandler                                build/startup_stm32l496xx.o
I2C3_ER_IRQHandler                                build/startup_stm32l496xx.o
I2C3_EV_IRQHandler                                build/startup_stm32l496xx.o
I2C4_ER_IRQHandler                                build/startup_stm32l496xx.o
I2C4_EV_IRQHandler                                build/startup_stm32l496xx.o
LCD_IRQHandler                                    build/startup_stm32l496xx.o
LPTIM1_IRQHandler                                 build/startup_stm32l496xx.o
LPTIM2_IRQHandler                                 build/startup_stm32l496xx.o
LPUART1_IRQHandler                                build/startup_stm32l496xx.o
MSIRangeTable                                     build/system_stm32l4xx.o
                                                  build/stm32l4xx_hal_rcc_ex.o
                                                  build/stm32l4xx_hal_rcc.o
MemManage_Handler                                 build/stm32l4xx_it.o
NMI_Handler                                       build/stm32l4xx_it.o
OTG_FS_IRQHandler                                 build/startup_stm32l496xx.o
PVD_PVM_IRQHandler                                build/startup_stm32l496xx.o
PendSV_Handler                                    build/stm32l4xx_it.o
QUADSPI_IRQHandler                                build/startup_stm32l496xx.o
RCC_IRQHandler                                    build/startup_stm32l496xx.o
RNG_IRQHandler                                    build/startup_stm32l496xx.o
RTC_Alarm_IRQHandler                              build/startup_stm32l496xx.o
RTC_WKUP_IRQHandler                               build/startup_stm32l496xx.o
Reset_Handler                                     build/startup_stm32l496xx.o
SAI1_IRQHandler                                   build/startup_stm32l496xx.o
SAI2_IRQHandler                                   build/startup_stm32l496xx.o
SDMMC1_IRQHandler                                 build/startup_stm32l496xx.o
SPI1_IRQHandler                                   build/startup_stm32l496xx.o
SPI2_IRQHandler                                   build/startup_stm32l496xx.o
SPI3_IRQHandler                                   build/startup_stm32l496xx.o
SVC_Handler                                       build/stm32l4xx_it.o
SWPMI1_IRQHandler                                 build/startup_stm32l496xx.o
SysTick_Handler                                   build/stm32l4xx_it.o
SystemClock_Config                                build/main.o
SystemCoreClock                                   build/system_stm32l4xx.o
                                                  build/stm32l4xx_hal_pwr_ex.o
                                                  build/stm32l4xx_hal_rcc.o
                                                  build/stm32l4xx_hal.o
SystemCoreClockUpdate                             build/system_stm32l4xx.o
SystemInit                                        build/system_stm32l4xx.o
                                                  build/startup_stm32l496xx.o
TAMP_STAMP_IRQHandler                             build/startup_stm32l496xx.o
TIM1_BRK_TIM15_IRQHandler                         build/startup_stm32l496xx.o
TIM1_CC_IRQHandler                                build/startup_stm32l496xx.o
TIM1_TRG_COM_TIM17_IRQHandler                     build/startup_stm32l496xx.o
TIM1_UP_TIM16_IRQHandler                          build/startup_stm32l496xx.o
TIM2_IRQHandler                                   build/startup_stm32l496xx.o
TIM3_IRQHandler                                   build/startup_stm32l496xx.o
TIM4_IRQHandler                                   build/startup_stm32l496xx.o
TIM5_IRQHandler                                   build/startup_stm32l496xx.o
TIM6_DAC_IRQHandler                               build/startup_stm32l496xx.o
TIM7_IRQHandler                                   build/startup_stm32l496xx.o
TIM8_BRK_IRQHandler                               build/startup_stm32l496xx.o
TIM8_CC_IRQHandler                                build/startup_stm32l496xx.o
TIM8_TRG_COM_IRQHandler                           build/startup_stm32l496xx.o
TIM8_UP_IRQHandler                                build/startup_stm32l496xx.o
TSC_IRQHandler                                    build/startup_stm32l496xx.o
UART4_IRQHandler                                  build/startup_stm32l496xx.o
UART5_IRQHandler                                  build/startup_stm32l496xx.o
UART_AdvFeatureConfig                             build/stm32l4xx_hal_uart.o
                                                  build/stm32l4xx_hal_uart_ex.o
UART_CheckIdleState                               build/stm32l4xx_hal_uart.o
                                                  build/stm32l4xx_hal_uart_ex.o
UART_SetConfig                                    build/stm32l4xx_hal_uart.o
                                                  build/stm32l4xx_hal_uart_ex.o
UART_WaitOnFlagUntilTimeout                       build/stm32l4xx_hal_uart.o
                                                  build/stm32l4xx_hal_uart_ex.o
USART1_IRQHandler                                 build/startup_stm32l496xx.o
USART2_IRQHandler                                 build/startup_stm32l496xx.o
USART3_IRQHandler                                 build/startup_stm32l496xx.o
UsageFault_Handler                                build/stm32l4xx_it.o
WWDG_IRQHandler                                   build/startup_stm32l496xx.o
__aeabi_idiv0                                     /home/mats/gcc-arm-none-eabi-7-2018-q2-update/bin/../lib/gcc/arm-none-eabi/7.3.1/thumb/v7e-m/fpv4-sp/hard/libgcc.a(_dvmd_tls.o)
__aeabi_ldiv0                                     /home/mats/gcc-arm-none-eabi-7-2018-q2-update/bin/../lib/gcc/arm-none-eabi/7.3.1/thumb/v7e-m/fpv4-sp/hard/libgcc.a(_dvmd_tls.o)
                                                  /home/mats/gcc-arm-none-eabi-7-2018-q2-update/bin/../lib/gcc/arm-none-eabi/7.3.1/thumb/v7e-m/fpv4-sp/hard/libgcc.a(_aeabi_uldivmod.o)
__aeabi_uldivmod                                  /home/mats/gcc-arm-none-eabi-7-2018-q2-update/bin/../lib/gcc/arm-none-eabi/7.3.1/thumb/v7e-m/fpv4-sp/hard/libgcc.a(_aeabi_uldivmod.o)
                                                  build/stm32l4xx_hal_uart.o
__bss_end__                                       /home/mats/gcc-arm-none-eabi-7-2018-q2-update/bin/../lib/gcc/arm-none-eabi/7.3.1/../../../../arm-none-eabi/lib/thumb/v7e-m/fpv4-sp/hard/crt0.o
__bss_start__                                     /home/mats/gcc-arm-none-eabi-7-2018-q2-update/bin/../lib/gcc/arm-none-eabi/7.3.1/../../../../arm-none-eabi/lib/thumb/v7e-m/fpv4-sp/hard/crt0.o
__call_exitprocs                                  /home/mats/gcc-arm-none-eabi-7-2018-q2-update/bin/../lib/gcc/arm-none-eabi/7.3.1/../../../../arm-none-eabi/lib/thumb/v7e-m/fpv4-sp/hard/libc_nano.a(lib_a-exit.o)
__deregister_frame_info                           /home/mats/gcc-arm-none-eabi-7-2018-q2-update/bin/../lib/gcc/arm-none-eabi/7.3.1/thumb/v7e-m/fpv4-sp/hard/crtbegin.o
__dso_handle                                      /home/mats/gcc-arm-none-eabi-7-2018-q2-update/bin/../lib/gcc/arm-none-eabi/7.3.1/thumb/v7e-m/fpv4-sp/hard/crtbegin.o
__init_array_end                                  /home/mats/gcc-arm-none-eabi-7-2018-q2-update/bin/../lib/gcc/arm-none-eabi/7.3.1/../../../../arm-none-eabi/lib/thumb/v7e-m/fpv4-sp/hard/libc_nano.a(lib_a-init.o)
__init_array_start                                /home/mats/gcc-arm-none-eabi-7-2018-q2-update/bin/../lib/gcc/arm-none-eabi/7.3.1/../../../../arm-none-eabi/lib/thumb/v7e-m/fpv4-sp/hard/libc_nano.a(lib_a-init.o)
__libc_fini_array                                 /home/mats/gcc-arm-none-eabi-7-2018-q2-update/bin/../lib/gcc/arm-none-eabi/7.3.1/../../../../arm-none-eabi/lib/thumb/v7e-m/fpv4-sp/hard/crt0.o
__libc_init_array                                 /home/mats/gcc-arm-none-eabi-7-2018-q2-update/bin/../lib/gcc/arm-none-eabi/7.3.1/../../../../arm-none-eabi/lib/thumb/v7e-m/fpv4-sp/hard/libc_nano.a(lib_a-init.o)
                                                  build/startup_stm32l496xx.o
                                                  /home/mats/gcc-arm-none-eabi-7-2018-q2-update/bin/../lib/gcc/arm-none-eabi/7.3.1/../../../../arm-none-eabi/lib/thumb/v7e-m/fpv4-sp/hard/crt0.o
__preinit_array_end                               /home/mats/gcc-arm-none-eabi-7-2018-q2-update/bin/../lib/gcc/arm-none-eabi/7.3.1/../../../../arm-none-eabi/lib/thumb/v7e-m/fpv4-sp/hard/libc_nano.a(lib_a-init.o)
__preinit_array_start                             /home/mats/gcc-arm-none-eabi-7-2018-q2-update/bin/../lib/gcc/arm-none-eabi/7.3.1/../../../../arm-none-eabi/lib/thumb/v7e-m/fpv4-sp/hard/libc_nano.a(lib_a-init.o)
__register_frame_info                             /home/mats/gcc-arm-none-eabi-7-2018-q2-update/bin/../lib/gcc/arm-none-eabi/7.3.1/thumb/v7e-m/fpv4-sp/hard/crtbegin.o
__sf_fake_stderr                                  /home/mats/gcc-arm-none-eabi-7-2018-q2-update/bin/../lib/gcc/arm-none-eabi/7.3.1/../../../../arm-none-eabi/lib/thumb/v7e-m/fpv4-sp/hard/libc_nano.a(lib_a-impure.o)
__sf_fake_stdin                                   /home/mats/gcc-arm-none-eabi-7-2018-q2-update/bin/../lib/gcc/arm-none-eabi/7.3.1/../../../../arm-none-eabi/lib/thumb/v7e-m/fpv4-sp/hard/libc_nano.a(lib_a-impure.o)
__sf_fake_stdout                                  /home/mats/gcc-arm-none-eabi-7-2018-q2-update/bin/../lib/gcc/arm-none-eabi/7.3.1/../../../../arm-none-eabi/lib/thumb/v7e-m/fpv4-sp/hard/libc_nano.a(lib_a-impure.o)
__stack                                           /home/mats/gcc-arm-none-eabi-7-2018-q2-update/bin/../lib/gcc/arm-none-eabi/7.3.1/../../../../arm-none-eabi/lib/thumb/v7e-m/fpv4-sp/hard/crt0.o
__udivmoddi4                                      /home/mats/gcc-arm-none-eabi-7-2018-q2-update/bin/../lib/gcc/arm-none-eabi/7.3.1/thumb/v7e-m/fpv4-sp/hard/libgcc.a(_udivmoddi4.o)
                                                  /home/mats/gcc-arm-none-eabi-7-2018-q2-update/bin/../lib/gcc/arm-none-eabi/7.3.1/thumb/v7e-m/fpv4-sp/hard/libgcc.a(_aeabi_uldivmod.o)
_ebss                                             build/startup_stm32l496xx.o
_edata                                            build/startup_stm32l496xx.o
_estack                                           build/startup_stm32l496xx.o
_exit                                             /home/mats/gcc-arm-none-eabi-7-2018-q2-update/bin/../lib/gcc/arm-none-eabi/7.3.1/../../../../arm-none-eabi/lib/thumb/v7e-m/fpv4-sp/hard/libnosys.a(_exit.o)
                                                  /home/mats/gcc-arm-none-eabi-7-2018-q2-update/bin/../lib/gcc/arm-none-eabi/7.3.1/../../../../arm-none-eabi/lib/thumb/v7e-m/fpv4-sp/hard/libc_nano.a(lib_a-exit.o)
_fini                                             /home/mats/gcc-arm-none-eabi-7-2018-q2-update/bin/../lib/gcc/arm-none-eabi/7.3.1/thumb/v7e-m/fpv4-sp/hard/crti.o
_global_impure_ptr                                /home/mats/gcc-arm-none-eabi-7-2018-q2-update/bin/../lib/gcc/arm-none-eabi/7.3.1/../../../../arm-none-eabi/lib/thumb/v7e-m/fpv4-sp/hard/libc_nano.a(lib_a-impure.o)
                                                  /home/mats/gcc-arm-none-eabi-7-2018-q2-update/bin/../lib/gcc/arm-none-eabi/7.3.1/../../../../arm-none-eabi/lib/thumb/v7e-m/fpv4-sp/hard/libc_nano.a(lib_a-exit.o)
_impure_ptr                                       /home/mats/gcc-arm-none-eabi-7-2018-q2-update/bin/../lib/gcc/arm-none-eabi/7.3.1/../../../../arm-none-eabi/lib/thumb/v7e-m/fpv4-sp/hard/libc_nano.a(lib_a-impure.o)
_init                                             /home/mats/gcc-arm-none-eabi-7-2018-q2-update/bin/../lib/gcc/arm-none-eabi/7.3.1/thumb/v7e-m/fpv4-sp/hard/crti.o
                                                  /home/mats/gcc-arm-none-eabi-7-2018-q2-update/bin/../lib/gcc/arm-none-eabi/7.3.1/../../../../arm-none-eabi/lib/thumb/v7e-m/fpv4-sp/hard/libc_nano.a(lib_a-init.o)
_mainCRTStartup                                   /home/mats/gcc-arm-none-eabi-7-2018-q2-update/bin/../lib/gcc/arm-none-eabi/7.3.1/../../../../arm-none-eabi/lib/thumb/v7e-m/fpv4-sp/hard/crt0.o
_sbss                                             build/startup_stm32l496xx.o
_sdata                                            build/startup_stm32l496xx.o
_sidata                                           build/startup_stm32l496xx.o
_start                                            /home/mats/gcc-arm-none-eabi-7-2018-q2-update/bin/../lib/gcc/arm-none-eabi/7.3.1/../../../../arm-none-eabi/lib/thumb/v7e-m/fpv4-sp/hard/crt0.o
atexit                                            /home/mats/gcc-arm-none-eabi-7-2018-q2-update/bin/../lib/gcc/arm-none-eabi/7.3.1/../../../../arm-none-eabi/lib/thumb/v7e-m/fpv4-sp/hard/crt0.o
buttonStatus                                      build/main.o
exit                                              /home/mats/gcc-arm-none-eabi-7-2018-q2-update/bin/../lib/gcc/arm-none-eabi/7.3.1/../../../../arm-none-eabi/lib/thumb/v7e-m/fpv4-sp/hard/libc_nano.a(lib_a-exit.o)
                                                  /home/mats/gcc-arm-none-eabi-7-2018-q2-update/bin/../lib/gcc/arm-none-eabi/7.3.1/../../../../arm-none-eabi/lib/thumb/v7e-m/fpv4-sp/hard/crt0.o
g_pfnVectors                                      build/startup_stm32l496xx.o
hardware_init_hook                                /home/mats/gcc-arm-none-eabi-7-2018-q2-update/bin/../lib/gcc/arm-none-eabi/7.3.1/../../../../arm-none-eabi/lib/thumb/v7e-m/fpv4-sp/hard/crt0.o
hlpuart1                                          build/main.o
main                                              build/main.o
                                                  build/startup_stm32l496xx.o
                                                  /home/mats/gcc-arm-none-eabi-7-2018-q2-update/bin/../lib/gcc/arm-none-eabi/7.3.1/../../../../arm-none-eabi/lib/thumb/v7e-m/fpv4-sp/hard/crt0.o
memset                                            /home/mats/gcc-arm-none-eabi-7-2018-q2-update/bin/../lib/gcc/arm-none-eabi/7.3.1/../../../../arm-none-eabi/lib/thumb/v7e-m/fpv4-sp/hard/libc_nano.a(lib_a-memset.o)
                                                  build/main.o
                                                  /home/mats/gcc-arm-none-eabi-7-2018-q2-update/bin/../lib/gcc/arm-none-eabi/7.3.1/../../../../arm-none-eabi/lib/thumb/v7e-m/fpv4-sp/hard/crt0.o
pFlash                                            build/stm32l4xx_hal_flash.o
                                                  build/stm32l4xx_hal_flash_ex.o
software_init_hook                                /home/mats/gcc-arm-none-eabi-7-2018-q2-update/bin/../lib/gcc/arm-none-eabi/7.3.1/../../../../arm-none-eabi/lib/thumb/v7e-m/fpv4-sp/hard/crt0.o
uwTick                                            build/stm32l4xx_hal.o
